// Jest Snapshot v1, https://goo.gl/fbAQLP

exports[`<NavLinkComponent /> should mach snapshot 1`] = `
.c0 {
  -webkit-text-decoration: none;
  text-decoration: none;
  text-transform: uppercase;
  font-weight: 700;
  color: #000000;
  font-size: 0.875rem;
}

<div>
  <a
    aria-current="page"
    class="c0 active"
    href="/"
  >
    texto
  </a>
</div>
`;
